.label _Z19ntt_stage_parallel8PiS_iiiiii
.function_start
                              PADDB [sp], #448;                                           MOVX r6, #0
                                                            ST p7, [sp, #-32];            GE r24, r6, r2
                                                            ST r23, [sp, #-28]
                                                            ST r22, [sp, #-24];           JNZ r24, #3408
                                                            ST r21, [sp, #-20]
                                                            ST r19, [sp, #-16]
                                                            ST r18, [sp, #-12]
                                                            ST r17, [sp, #-8]
                                                            ST lr, [sp, #-4]
MOVA r24, #-31;                                             ST r20, [sp, #-40];           MOVX r29, #2;                 MOV p7, p1
MOVA r25, #-29;                                             ST p6, [sp, #-44];            MOVXM p1, #467968
LDA r26, [p1, #0];                                          ST r16, [sp, #-36];           MOVXM p1, #467972
LDA r25, [p1, #0];                                          ST r1, [sp, #-48];            LSHL r26, r0, r29;            VBCSTSHFL.32 x3, r3, r29
MOVA r29, #3;                                               ST r26, [sp, #-60];           ASHL r24, r0, r24;            VBCSTSHFL.32 x1, r5, r29
MOVA r24, #-3;                                              VST wl3, [sp, #-352];         LSHL r26, r24, r25;           ADD.NC r25, r4, #-2
MOVA r28, #1;                                               VST wh3, [sp, #-384];         ADD r26, r26, r0;             VBCSTSHFL.32 x2, r3, r29
MOVA r24, #15;                                              VST wl1, [sp, #-224];         ASHL r19, r26, r24;           ADD.NC s0, r25, #4
                                                            VST wl2, [sp, #-416];         LSHL r18, r0, r28;            MOV s1, r25
                                                            VST wh2, [sp, #-448];         LT r27, r19, r6;              VBCST.32 x0, r3
MOVA r16, #0;                                               VST wh1, [sp, #-256];         SUB r30, r6, r19;             VBCST.32 x2, r6
                                                            VST wl0, [sp, #-96];          ADD r22, r2, #-1;             VBCSTSHFL.32 x3, r5, r29
                                                            VST wl2, [sp, #-160];         AND r20, r25, r24;            MOV r28, s0
                                                            ST r28, [sp, #-56];           SEL.EQZ r17, r19, r30, r27;   MOV srSS0, r26
                                                            VST wl3, [sp, #-288];                                       MOV r28, s1
                                                            ST r28, [sp, #-52];                                         MOV r21, srSS0
                                                            VST wh3, [sp, #-320];                                       MOV p6, p0
                                                            VST wh2, [sp, #-192]
                                                            VST wh0, [sp, #-128];                                       NOPM


                                                                                          JL #3920
                                                                                          MOVX r23, #0
                                                                                          SUB r24, r23, r16
                                                                                          LT r27, r16, r23
                                                                                          SEL.EQZ r0, r16, r24, r27;    MOV r1, r17
NOPA;                         NOPB

LDA m0, [sp, #-60];                                                                       XOR r30, r19, r16;            MOV r26, #3
LDA r28, [sp, #-48];                                                                      LT r27, r30, r23;             MOV r24, #2
VLDA wh0, [sp, #-128];                                                                    SUB r25, r23, r2;             MOV p1, p6
VLDA wl0, [sp, #-96];                                                                     SEL.EQZ r27, r2, r25, r27;    MOV r29, #3
VLDA wh1, [sp, #-192];                                                                    MUL r2, r27, r19;             MOV r25, #346
VLDA wl1, [sp, #-160];                                                                    MUL r5, r27, r18;             MOV crSat, r21
MOVA r31, #858;                                                                           MOVXM r30, #1626
LDA r0, [sp, #-52];                                                                       SUB r2, r16, r2;              MOV crRnd, r20
VLDA wh6, [sp, #-320];                                                                    LSHL r2, r2, r26;             MOV s0, #0
VLDA wl6, [sp, #-288];                                                                    ADD r2, r5, r2
VLDA wh3, [sp, #-256];                                                                    LSHL r2, r2, r24
VLDA wl3, [sp, #-224];                                                                    ADD r28, r27, r28;            MOV m1, r2
LDA r2, [sp, #-56];           PADDB [p1], m1;                                             LSHL r28, r28, r24
VLDA wh2, [sp, #-448];        VLDB wl4, [p1], m0;                                                                       MOV p2, p1
VLDA wl2, [sp, #-416];        VLDB wl10, [p1, #0];                                                                      MOV dj0, r28
LDA r27, [p7, dj0];                                                                       MOVXM r28, #1114
VLDA wh5, [sp, #-384];                                                                                                  MOV s2, r0
VLDA wl5, [sp, #-352];                                                                    MOVXM p0, #2944
NOPX
                                                                                                                        MOV s1, r2
                                                                                                                        VADD.32 x7, x4, x0
                                                                                                                        VSUB.32 x7, x7, x10
                                                                                                                        VLT.s32 r23, x7, x0
                                                                                          MOVX r29, #2;                 VBCSTSHFL.32 x8, r27, r29
                                                                                          EXTEND.u8 r23, r23;           VBCSTSHFL.32 x9, r27, r29
                                                                                                                        VSEL.32 x11, x0, x1, r23
                                                                                                                        VSUB.32 x7, x7, x11
                                                                                                                        VSHUFFLE x11, x7, x1, r26
                                                                                                                        VSHUFFLE x7, x7, x1, r24
                                                                                                                        VADD.32 x4, x4, x10;                    VMUL cm0, x11, x8, r31
                                                                                                                        VLT.s32 r23, x4, x0
                                                                                                                                                                VMAC cm0, cm0, x11, x9, r30
                                                                                          EXTEND.u8 r23, r23
                                                                                                                        VSEL.32 x8, x0, x1, r23;                VMAC cm0, cm0, x7, x8, r25
                                                                                                                        VSUB.32 x4, x4, x8
                                                                                                                                                                VMAC cm0, cm0, x7, x9, r28
                                                            VST wl4, [p2, #0]
NOPX
NOPX
NOPX
                                                            VSRS.s32.s64 wl7, bml0, s2;                                 VSRSM.s32.s64 wl4, bml0, s0
NOPX
NOPX
NOPX
                                                                                                                        VSHUFFLE x8, x7, x1, r26
                                                                                                                        VSHUFFLE x7, x7, x1, r24
                                                                                                                                                                VMUL cm0, x8, x6, r31
NOPX
                                                                                                                                                                VMAC cm0, cm0, x8, x3, r30
NOPX
                                                                                                                                                                VMAC cm0, cm0, x7, x6, r25
NOPX
                                                                                                                                                                VMAC cm0, cm0, x7, x3, r28
NOPX
NOPX
NOPX
NOPX
                                                                                                                        VSRSM.s32.s64 wl3, bml0, s1
NOPX
NOPX
NOPX
                                                                                                                        VSHUFFLE x6, x3, x1, r26
                                                                                                                        VSHUFFLE x3, x3, x1, r24
                                                                                                                                                                VMUL cm0, x6, x2, r31
NOPX
                                                                                                                                                                VMAC cm0, cm0, x6, x5, r30
NOPX
                                                                                                                                                                VMAC cm0, cm0, x3, x2, r25
NOPX
                                                                                                                                                                VMAC cm0, cm0, x3, x5, r28
NOPX
NOPX
NOPX
NOPX
                                                                                                                        VSRSM.s32.s64 wl2, bml0, s0
NOPX
NOPX
NOPX
                                                                                                                        VSUB.32 x2, x4, x2
                                                                                                                        VLT.s32 r23, x2, x0
                                                                                          JNZD r22, r22, p0
                                                                                          EXTEND.u8 r23, r23
                                                                                                                        VSEL.32 x0, x0, x1, r23
                                                                                                                        VSUB.32 x0, x2, x0
NOPX
                                                            VST wl0, [p1, #0];                                          ADD.NC r16, r16, #1

                                                                                          J #3424
NOPX
NOPX
NOPX
NOPX
NOPA;                         NOPB;                         NOPS;                         NOPX

                                                            ST p6, [sp, #-44]
                                                            ST r20, [sp, #-40]
                                                            ST r16, [sp, #-36];                                         NOPM

LDA lr, [sp, #-4]
LDA r17, [sp, #-8]
LDA r18, [sp, #-12]
LDA r16, [sp, #-36]
LDA r19, [sp, #-16]
LDA r21, [sp, #-20]
LDA r20, [sp, #-40]
LDA r22, [sp, #-24]
LDA r23, [sp, #-28]
LDA p6, [sp, #-44]
LDA p7, [sp, #-32]
                                                                                          RET lr
NOPX
NOPX
NOPX
NOPX
                              PADDB [sp], #-448;                                                                                                                NOPV
.label _Z19ntt_stage_parallel8PiS_iiiiii__end
